2026-04-14T11:35:18.216231 [GNB     ] [I] Built in Release mode using commit  on branch 
2026-04-14T11:35:18.216922 [CONFIG  ] [I] Input configuration (only non-default values): 
log:
  filename: /tmp/gnb.log
  all_level: info
metrics:
  autostart_stdout_metrics: true
  enable_json: true
remote_control:
  enabled: true
  bind_addr: 0.0.0.0
cu_cp:
  inactivity_timer: 7200
  amf:
    addr: 10.53.1.2
    port: 38412
    bind_addr: 10.53.1.3
    supported_tracking_areas: "tac: 7\nplmn_list:\n  - plmn: 00101\n    tai_slice_support_list:\n      - sst: 1"
pcap:
  ngap_filename: /tmp/gnb_ngap.pcap
  ngap_enable: enable
  mac_filename: /tmp/gnb_mac.pcap
  mac_enable: enable
e2:
  enable_cu_cp_e2: false
  enable_cu_up_e2: false
  enable_du_e2: true
  addr: 10.0.2.10
  port: 36421
  bind_addr: 10.0.2.30
  e2sm_kpm_enabled: true
  e2sm_rc_enabled: true
  e2sm_ccc_enabled: true
cell_cfg:
  dl_arfcn: 368500
  band: 3
  common_scs: 15
  channel_bandwidth_MHz: 20
  plmn: 00101
  tac: 7
  pdcch:
    common:
      coreset0_index: 12
      ss0_index: 0
    dedicated:
      dci_format_0_1_and_1_1: false
      ss2_type: common
  pdsch:
    mcs_table: qam64
  pusch:
    mcs_table: qam64
  prach:
    prach_config_index: 1
    total_nof_ra_preambles: 64
ru_sdr:
  srate: 23.04
  device_driver: zmq
  device_args: tx_port=tcp://10.10.3.231:2000,rx_port=tcp://10.10.3.236:2001,base_srate=23.04e6
  tx_gain: 75
  rx_gain: 75
2026-04-14T11:35:19.115204 [GNB     ] [W] Could not check scaling governor. filename=/sys/devices/system/cpu/cpu0/cpufreq/scaling_governor error=No such file or directory
2026-04-14T11:35:19.115233 [GNB     ] [W] DRM KMS polling is enabled, which may hinder performance. You can disable it using the "srsran_performance" script
2026-04-14T11:35:19.116074 [CONFIG  ] [I] Worker pool "main_pool" instantiated with #workers=5, task_queue_size=2048, backoff_period=50us and priority=96.
2026-04-14T11:35:19.132972 [GTPU    ] [I] GTP-U demux. queue_size=2046 batch_size=256 warn_on_drop=false test_mode=false
2026-04-14T11:35:19.133354 [GTPU    ] [I] Tunnel added. teid=0x000000
2026-04-14T11:35:19.196165 [DU-MNG  ] [I] The upper-bound on the number of UEs supported by cell {pci=1, du_cell_index=0} is 160 (the actual number might be lower than that). This is determined by the lowest of the following limits: SR (160), CSI (160) and SRS (n/a).
2026-04-14T11:35:19.196567 [DU      ] [I] DU created successfully
2026-04-14T11:35:19.196575 [DU      ] [I] O-DU created successfully
2026-04-14T11:35:19.211328 [zmq:tx:0:0] [I] Binding to address tcp://10.10.3.231:2000.
2026-04-14T11:35:19.225395 [zmq:rx:0:0] [I] Connecting to address tcp://10.10.3.236:2001.
2026-04-14T11:35:20.249186 [GNB     ] [I] SSB derived parameters for cell: 1, band: 3, dl_arfcn:368500, nof_crbs: 106 scs:15kHz, ssb_scs:15kHz:
	 - SSB offset pointA:40 
	 - k_SSB:6 
	 - SSB arfcn:368410 
	 - Coreset index:12 
	 - Searchspace index:0
2026-04-14T11:35:20.249239 [IO-EPOLL] [E] fd=0: Failed to register file descriptor. Cause: epoll_ctl failed with "Operation not permitted"
2026-04-14T11:35:20.249253 [APP     ] [E] Couldn't register stdin handler
2026-04-14T11:35:20.249254 [GNB     ] [I] Starting CU-CP...
2026-04-14T11:35:20.249571 [CU-CP   ] [I] N2: Connection to AMF on 10.53.1.2:38412 was established
2026-04-14T11:35:20.251818 [NGAP    ] [I] Tx PDU: NGSetupRequest
2026-04-14T11:35:20.256169 [NGAP    ] [I] Rx PDU: NGSetupResponse
2026-04-14T11:35:20.256192 [CU-CP   ] [I] Connected to AMF. Supported PLMNs: 00101
2026-04-14T11:35:20.256263 [GNB     ] [I] CU-CP started successfully
2026-04-14T11:35:20.256269 [CU-UP   ] [I] CU-UP starting...
2026-04-14T11:35:20.256312 [CU-CP   ] [I] Added TNL connection to CU-UP 0
2026-04-14T11:35:20.256491 [CU-UP-E1] [I] Sending E1SetupRequest
2026-04-14T11:35:20.256498 [CU-UP-E1] [I] Tx PDU tid=0: GNB-CU-UP-E1SetupRequest
2026-04-14T11:35:20.256507 [CU-CP-E1] [I] Rx PDU tid=0: GNB-CU-UP-E1SetupRequest
2026-04-14T11:35:20.256512 [CU-CP-E1] [I] Tx PDU tid=0: GNB-CU-UP-E1SetupResponse
2026-04-14T11:35:20.256520 [CU-UP-E1] [I] Rx PDU tid=0: GNB-CU-UP-E1SetupResponse
2026-04-14T11:35:20.256522 [CU-UP-E1] [I] "E1AP CU-UP Setup Procedure" finalized
2026-04-14T11:35:20.256539 [CU-UP   ] [I] CU-UP started successfully
2026-04-14T11:35:20.256544 [DU      ] [I] Starting DU...
2026-04-14T11:35:20.256545 [DU      ] [I] Starting DU-High...
2026-04-14T11:35:20.256546 [DU-MNG  ] [I] DU manager starting...
2026-04-14T11:35:20.256605 [CU-CP   ] [I] Added TNL connection to DU 0
2026-04-14T11:35:20.270323 [DU-MNG  ] [I] SIB1 cell=0: {
  "cellSelectionInfo": {
    "q-RxLevMin": -70,
    "q-QualMin": -20
  },
  "cellAccessRelatedInfo": {
    "plmn-IdentityInfoList": [
      {
        "plmn-IdentityList": [
          {
            "mcc": [
              0,
              0,
              1
            ],
            "mnc": [
              0,
              1
            ]
          }
        ],
        "trackingAreaCode": "000000000000000000000111",
        "cellIdentity": "000000000000011001101100000000000000",
        "cellReservedForOperatorUse": "notReserved"
      }
    ]
  },
  "connEstFailureControl": {
    "connEstFailCount": "n1",
    "connEstFailOffsetValidity": "s30",
    "connEstFailOffset": 1
  },
  "servingCellConfigCommon": {
    "downlinkConfigCommon": {
      "frequencyInfoDL": {
        "frequencyBandList": [
          {
            "freqBandIndicatorNR": 3
          }
        ],
        "offsetToPointA": 40,
        "scs-SpecificCarrierList": [
          {
            "offsetToCarrier": 0,
            "subcarrierSpacing": "kHz15",
            "carrierBandwidth": 106,
            "txDirectCurrentLocation": 636
          }
        ]
      },
      "initialDownlinkBWP": {
        "genericParameters": {
          "locationAndBandwidth": 28875,
          "subcarrierSpacing": "kHz15"
        },
        "pdcch-ConfigCommon": {
          {
            "commonSearchSpaceList": [
              {
                "searchSpaceId": 1,
                "controlResourceSetId": 0,
                "monitoringSlotPeriodicityAndOffset": {
                },
                "monitoringSymbolsWithinSlot": "10000000000000",
                "nrofCandidates": {
                  "aggregationLevel1": "n0",
                  "aggregationLevel2": "n0",
                  "aggregationLevel4": "n1",
                  "aggregationLevel8": "n0",
                  "aggregationLevel16": "n0"
                },
                "searchSpaceType": {
                  "common": {
                    "dci-Format0-0-AndFormat1-0": {
                    }
                  }
                }
              }
            ],
            "searchSpaceSIB1": 0,
            "pagingSearchSpace": 1,
            "ra-SearchSpace": 1
          }
        },
        "pdsch-ConfigCommon": {
          {
            "pdsch-TimeDomainAllocationList": [
              {
                "mappingType": "typeA",
                "startSymbolAndLength": 40
              }
            ]
          }
        }
      },
      "bcch-Config": {
        "modificationPeriodCoeff": "n4"
      },
      "pcch-Config": {
        "defaultPagingCycle": "rf128",
        "nAndPagingFrameOffset": {
        },
        "ns": "one"
      }
    },
    "uplinkConfigCommon": {
      "frequencyInfoUL": {
        "frequencyBandList": [
          {
            "freqBandIndicatorNR": 3
          }
        ],
        "absoluteFrequencyPointA": 347592,
        "scs-SpecificCarrierList": [
          {
            "offsetToCarrier": 0,
            "subcarrierSpacing": "kHz15",
            "carrierBandwidth": 106
          }
        ]
      },
      "initialUplinkBWP": {
        "genericParameters": {
          "locationAndBandwidth": 28875,
          "subcarrierSpacing": "kHz15"
        },
        "rach-ConfigCommon": {
          {
            "rach-ConfigGeneric": {
              "prach-ConfigurationIndex": 1,
              "msg1-FDM": "one",
              "msg1-FrequencyStart": 8,
              "zeroCorrelationZoneConfig": 0,
              "preambleReceivedTargetPower": -100,
              "preambleTransMax": "n7",
              "powerRampingStep": "dB4",
              "ra